ARM GAS  C:\Users\pablo\AppData\Local\Temp\cc3MDzQh.s 			page 1


   1              		.cpu cortex-m4
   2              		.arch armv7e-m
   3              		.fpu fpv4-sp-d16
   4              		.eabi_attribute 27, 1
   5              		.eabi_attribute 28, 1
   6              		.eabi_attribute 20, 1
   7              		.eabi_attribute 21, 1
   8              		.eabi_attribute 23, 3
   9              		.eabi_attribute 24, 1
  10              		.eabi_attribute 25, 1
  11              		.eabi_attribute 26, 1
  12              		.eabi_attribute 30, 1
  13              		.eabi_attribute 34, 1
  14              		.eabi_attribute 18, 4
  15              		.file	"stm32f4xx_hal_msp.c"
  16              		.text
  17              	.Ltext0:
  18              		.cfi_sections	.debug_frame
  19              		.file 1 "Core/Src/stm32f4xx_hal_msp.c"
  20              		.section	.text.HAL_MspInit,"ax",%progbits
  21              		.align	1
  22              		.global	HAL_MspInit
  23              		.syntax unified
  24              		.thumb
  25              		.thumb_func
  27              	HAL_MspInit:
  28              	.LFB134:
   1:Core/Src/stm32f4xx_hal_msp.c **** /* USER CODE BEGIN Header */
   2:Core/Src/stm32f4xx_hal_msp.c **** /**
   3:Core/Src/stm32f4xx_hal_msp.c ****   ******************************************************************************
   4:Core/Src/stm32f4xx_hal_msp.c ****   * @file         stm32f4xx_hal_msp.c
   5:Core/Src/stm32f4xx_hal_msp.c ****   * @brief        This file provides code for the MSP Initialization
   6:Core/Src/stm32f4xx_hal_msp.c ****   *               and de-Initialization codes.
   7:Core/Src/stm32f4xx_hal_msp.c ****   ******************************************************************************
   8:Core/Src/stm32f4xx_hal_msp.c ****   * @attention
   9:Core/Src/stm32f4xx_hal_msp.c ****   *
  10:Core/Src/stm32f4xx_hal_msp.c ****   * Copyright (c) 2026 STMicroelectronics.
  11:Core/Src/stm32f4xx_hal_msp.c ****   * All rights reserved.
  12:Core/Src/stm32f4xx_hal_msp.c ****   *
  13:Core/Src/stm32f4xx_hal_msp.c ****   * This software is licensed under terms that can be found in the LICENSE file
  14:Core/Src/stm32f4xx_hal_msp.c ****   * in the root directory of this software component.
  15:Core/Src/stm32f4xx_hal_msp.c ****   * If no LICENSE file comes with this software, it is provided AS-IS.
  16:Core/Src/stm32f4xx_hal_msp.c ****   *
  17:Core/Src/stm32f4xx_hal_msp.c ****   ******************************************************************************
  18:Core/Src/stm32f4xx_hal_msp.c ****   */
  19:Core/Src/stm32f4xx_hal_msp.c **** /* USER CODE END Header */
  20:Core/Src/stm32f4xx_hal_msp.c **** /* Includes ------------------------------------------------------------------*/
  21:Core/Src/stm32f4xx_hal_msp.c **** #include "main.h"
  22:Core/Src/stm32f4xx_hal_msp.c **** /* USER CODE BEGIN Includes */
  23:Core/Src/stm32f4xx_hal_msp.c **** 
  24:Core/Src/stm32f4xx_hal_msp.c **** /* USER CODE END Includes */
  25:Core/Src/stm32f4xx_hal_msp.c **** 
  26:Core/Src/stm32f4xx_hal_msp.c **** /* Private typedef -----------------------------------------------------------*/
  27:Core/Src/stm32f4xx_hal_msp.c **** /* USER CODE BEGIN TD */
  28:Core/Src/stm32f4xx_hal_msp.c **** 
  29:Core/Src/stm32f4xx_hal_msp.c **** /* USER CODE END TD */
  30:Core/Src/stm32f4xx_hal_msp.c **** 
ARM GAS  C:\Users\pablo\AppData\Local\Temp\cc3MDzQh.s 			page 2


  31:Core/Src/stm32f4xx_hal_msp.c **** /* Private define ------------------------------------------------------------*/
  32:Core/Src/stm32f4xx_hal_msp.c **** /* USER CODE BEGIN Define */
  33:Core/Src/stm32f4xx_hal_msp.c **** 
  34:Core/Src/stm32f4xx_hal_msp.c **** /* USER CODE END Define */
  35:Core/Src/stm32f4xx_hal_msp.c **** 
  36:Core/Src/stm32f4xx_hal_msp.c **** /* Private macro -------------------------------------------------------------*/
  37:Core/Src/stm32f4xx_hal_msp.c **** /* USER CODE BEGIN Macro */
  38:Core/Src/stm32f4xx_hal_msp.c **** 
  39:Core/Src/stm32f4xx_hal_msp.c **** /* USER CODE END Macro */
  40:Core/Src/stm32f4xx_hal_msp.c **** 
  41:Core/Src/stm32f4xx_hal_msp.c **** /* Private variables ---------------------------------------------------------*/
  42:Core/Src/stm32f4xx_hal_msp.c **** /* USER CODE BEGIN PV */
  43:Core/Src/stm32f4xx_hal_msp.c **** 
  44:Core/Src/stm32f4xx_hal_msp.c **** /* USER CODE END PV */
  45:Core/Src/stm32f4xx_hal_msp.c **** 
  46:Core/Src/stm32f4xx_hal_msp.c **** /* Private function prototypes -----------------------------------------------*/
  47:Core/Src/stm32f4xx_hal_msp.c **** /* USER CODE BEGIN PFP */
  48:Core/Src/stm32f4xx_hal_msp.c **** 
  49:Core/Src/stm32f4xx_hal_msp.c **** /* USER CODE END PFP */
  50:Core/Src/stm32f4xx_hal_msp.c **** 
  51:Core/Src/stm32f4xx_hal_msp.c **** /* External functions --------------------------------------------------------*/
  52:Core/Src/stm32f4xx_hal_msp.c **** /* USER CODE BEGIN ExternalFunctions */
  53:Core/Src/stm32f4xx_hal_msp.c **** 
  54:Core/Src/stm32f4xx_hal_msp.c **** /* USER CODE END ExternalFunctions */
  55:Core/Src/stm32f4xx_hal_msp.c **** 
  56:Core/Src/stm32f4xx_hal_msp.c **** /* USER CODE BEGIN 0 */
  57:Core/Src/stm32f4xx_hal_msp.c **** 
  58:Core/Src/stm32f4xx_hal_msp.c **** /* USER CODE END 0 */
  59:Core/Src/stm32f4xx_hal_msp.c **** /**
  60:Core/Src/stm32f4xx_hal_msp.c ****   * Initializes the Global MSP.
  61:Core/Src/stm32f4xx_hal_msp.c ****   */
  62:Core/Src/stm32f4xx_hal_msp.c **** void HAL_MspInit(void)
  63:Core/Src/stm32f4xx_hal_msp.c **** {
  29              		.loc 1 63 1 view -0
  30              		.cfi_startproc
  31              		@ args = 0, pretend = 0, frame = 8
  32              		@ frame_needed = 0, uses_anonymous_args = 0
  33 0000 00B5     		push	{lr}
  34              	.LCFI0:
  35              		.cfi_def_cfa_offset 4
  36              		.cfi_offset 14, -4
  37 0002 83B0     		sub	sp, sp, #12
  38              	.LCFI1:
  39              		.cfi_def_cfa_offset 16
  64:Core/Src/stm32f4xx_hal_msp.c **** 
  65:Core/Src/stm32f4xx_hal_msp.c ****   /* USER CODE BEGIN MspInit 0 */
  66:Core/Src/stm32f4xx_hal_msp.c **** 
  67:Core/Src/stm32f4xx_hal_msp.c ****   /* USER CODE END MspInit 0 */
  68:Core/Src/stm32f4xx_hal_msp.c **** 
  69:Core/Src/stm32f4xx_hal_msp.c ****   __HAL_RCC_SYSCFG_CLK_ENABLE();
  40              		.loc 1 69 3 view .LVU1
  41              	.LBB2:
  42              		.loc 1 69 3 view .LVU2
  43 0004 0021     		movs	r1, #0
  44 0006 0091     		str	r1, [sp]
  45              		.loc 1 69 3 view .LVU3
  46 0008 0C4B     		ldr	r3, .L3
ARM GAS  C:\Users\pablo\AppData\Local\Temp\cc3MDzQh.s 			page 3


  47 000a 5A6C     		ldr	r2, [r3, #68]
  48 000c 42F48042 		orr	r2, r2, #16384
  49 0010 5A64     		str	r2, [r3, #68]
  50              		.loc 1 69 3 view .LVU4
  51 0012 5A6C     		ldr	r2, [r3, #68]
  52 0014 02F48042 		and	r2, r2, #16384
  53 0018 0092     		str	r2, [sp]
  54              		.loc 1 69 3 view .LVU5
  55 001a 009A     		ldr	r2, [sp]
  56              	.LBE2:
  57              		.loc 1 69 3 view .LVU6
  70:Core/Src/stm32f4xx_hal_msp.c ****   __HAL_RCC_PWR_CLK_ENABLE();
  58              		.loc 1 70 3 view .LVU7
  59              	.LBB3:
  60              		.loc 1 70 3 view .LVU8
  61 001c 0191     		str	r1, [sp, #4]
  62              		.loc 1 70 3 view .LVU9
  63 001e 1A6C     		ldr	r2, [r3, #64]
  64 0020 42F08052 		orr	r2, r2, #268435456
  65 0024 1A64     		str	r2, [r3, #64]
  66              		.loc 1 70 3 view .LVU10
  67 0026 1B6C     		ldr	r3, [r3, #64]
  68 0028 03F08053 		and	r3, r3, #268435456
  69 002c 0193     		str	r3, [sp, #4]
  70              		.loc 1 70 3 view .LVU11
  71 002e 019B     		ldr	r3, [sp, #4]
  72              	.LBE3:
  73              		.loc 1 70 3 view .LVU12
  71:Core/Src/stm32f4xx_hal_msp.c **** 
  72:Core/Src/stm32f4xx_hal_msp.c ****   HAL_NVIC_SetPriorityGrouping(NVIC_PRIORITYGROUP_0);
  74              		.loc 1 72 3 view .LVU13
  75 0030 0720     		movs	r0, #7
  76 0032 FFF7FEFF 		bl	HAL_NVIC_SetPriorityGrouping
  77              	.LVL0:
  73:Core/Src/stm32f4xx_hal_msp.c **** 
  74:Core/Src/stm32f4xx_hal_msp.c ****   /* System interrupt init*/
  75:Core/Src/stm32f4xx_hal_msp.c **** 
  76:Core/Src/stm32f4xx_hal_msp.c ****   /* USER CODE BEGIN MspInit 1 */
  77:Core/Src/stm32f4xx_hal_msp.c **** 
  78:Core/Src/stm32f4xx_hal_msp.c ****   /* USER CODE END MspInit 1 */
  79:Core/Src/stm32f4xx_hal_msp.c **** }
  78              		.loc 1 79 1 is_stmt 0 view .LVU14
  79 0036 03B0     		add	sp, sp, #12
  80              	.LCFI2:
  81              		.cfi_def_cfa_offset 4
  82              		@ sp needed
  83 0038 5DF804FB 		ldr	pc, [sp], #4
  84              	.L4:
  85              		.align	2
  86              	.L3:
  87 003c 00380240 		.word	1073887232
  88              		.cfi_endproc
  89              	.LFE134:
  91              		.section	.text.HAL_TIM_Base_MspInit,"ax",%progbits
  92              		.align	1
  93              		.global	HAL_TIM_Base_MspInit
  94              		.syntax unified
ARM GAS  C:\Users\pablo\AppData\Local\Temp\cc3MDzQh.s 			page 4


  95              		.thumb
  96              		.thumb_func
  98              	HAL_TIM_Base_MspInit:
  99              	.LVL1:
 100              	.LFB135:
  80:Core/Src/stm32f4xx_hal_msp.c **** 
  81:Core/Src/stm32f4xx_hal_msp.c **** /**
  82:Core/Src/stm32f4xx_hal_msp.c ****   * @brief TIM_Base MSP Initialization
  83:Core/Src/stm32f4xx_hal_msp.c ****   * This function configures the hardware resources used in this example
  84:Core/Src/stm32f4xx_hal_msp.c ****   * @param htim_base: TIM_Base handle pointer
  85:Core/Src/stm32f4xx_hal_msp.c ****   * @retval None
  86:Core/Src/stm32f4xx_hal_msp.c ****   */
  87:Core/Src/stm32f4xx_hal_msp.c **** void HAL_TIM_Base_MspInit(TIM_HandleTypeDef* htim_base)
  88:Core/Src/stm32f4xx_hal_msp.c **** {
 101              		.loc 1 88 1 is_stmt 1 view -0
 102              		.cfi_startproc
 103              		@ args = 0, pretend = 0, frame = 8
 104              		@ frame_needed = 0, uses_anonymous_args = 0
 105              		@ link register save eliminated.
  89:Core/Src/stm32f4xx_hal_msp.c ****   if(htim_base->Instance==TIM3)
 106              		.loc 1 89 3 view .LVU16
 107              		.loc 1 89 15 is_stmt 0 view .LVU17
 108 0000 0268     		ldr	r2, [r0]
 109              		.loc 1 89 5 view .LVU18
 110 0002 094B     		ldr	r3, .L12
 111 0004 9A42     		cmp	r2, r3
 112 0006 00D0     		beq	.L11
 113 0008 7047     		bx	lr
 114              	.L11:
  88:Core/Src/stm32f4xx_hal_msp.c ****   if(htim_base->Instance==TIM3)
 115              		.loc 1 88 1 view .LVU19
 116 000a 82B0     		sub	sp, sp, #8
 117              	.LCFI3:
 118              		.cfi_def_cfa_offset 8
  90:Core/Src/stm32f4xx_hal_msp.c ****   {
  91:Core/Src/stm32f4xx_hal_msp.c ****     /* USER CODE BEGIN TIM3_MspInit 0 */
  92:Core/Src/stm32f4xx_hal_msp.c **** 
  93:Core/Src/stm32f4xx_hal_msp.c ****     /* USER CODE END TIM3_MspInit 0 */
  94:Core/Src/stm32f4xx_hal_msp.c ****     /* Peripheral clock enable */
  95:Core/Src/stm32f4xx_hal_msp.c ****     __HAL_RCC_TIM3_CLK_ENABLE();
 119              		.loc 1 95 5 is_stmt 1 view .LVU20
 120              	.LBB4:
 121              		.loc 1 95 5 view .LVU21
 122 000c 0023     		movs	r3, #0
 123 000e 0193     		str	r3, [sp, #4]
 124              		.loc 1 95 5 view .LVU22
 125 0010 064B     		ldr	r3, .L12+4
 126 0012 1A6C     		ldr	r2, [r3, #64]
 127 0014 42F00202 		orr	r2, r2, #2
 128 0018 1A64     		str	r2, [r3, #64]
 129              		.loc 1 95 5 view .LVU23
 130 001a 1B6C     		ldr	r3, [r3, #64]
 131 001c 03F00203 		and	r3, r3, #2
 132 0020 0193     		str	r3, [sp, #4]
 133              		.loc 1 95 5 view .LVU24
 134 0022 019B     		ldr	r3, [sp, #4]
 135              	.LBE4:
ARM GAS  C:\Users\pablo\AppData\Local\Temp\cc3MDzQh.s 			page 5


 136              		.loc 1 95 5 discriminator 1 view .LVU25
  96:Core/Src/stm32f4xx_hal_msp.c ****     /* USER CODE BEGIN TIM3_MspInit 1 */
  97:Core/Src/stm32f4xx_hal_msp.c **** 
  98:Core/Src/stm32f4xx_hal_msp.c ****     /* USER CODE END TIM3_MspInit 1 */
  99:Core/Src/stm32f4xx_hal_msp.c **** 
 100:Core/Src/stm32f4xx_hal_msp.c ****   }
 101:Core/Src/stm32f4xx_hal_msp.c **** 
 102:Core/Src/stm32f4xx_hal_msp.c **** }
 137              		.loc 1 102 1 is_stmt 0 view .LVU26
 138 0024 02B0     		add	sp, sp, #8
 139              	.LCFI4:
 140              		.cfi_def_cfa_offset 0
 141              		@ sp needed
 142 0026 7047     		bx	lr
 143              	.L13:
 144              		.align	2
 145              	.L12:
 146 0028 00040040 		.word	1073742848
 147 002c 00380240 		.word	1073887232
 148              		.cfi_endproc
 149              	.LFE135:
 151              		.section	.text.HAL_TIM_Base_MspDeInit,"ax",%progbits
 152              		.align	1
 153              		.global	HAL_TIM_Base_MspDeInit
 154              		.syntax unified
 155              		.thumb
 156              		.thumb_func
 158              	HAL_TIM_Base_MspDeInit:
 159              	.LVL2:
 160              	.LFB136:
 103:Core/Src/stm32f4xx_hal_msp.c **** 
 104:Core/Src/stm32f4xx_hal_msp.c **** /**
 105:Core/Src/stm32f4xx_hal_msp.c ****   * @brief TIM_Base MSP De-Initialization
 106:Core/Src/stm32f4xx_hal_msp.c ****   * This function freeze the hardware resources used in this example
 107:Core/Src/stm32f4xx_hal_msp.c ****   * @param htim_base: TIM_Base handle pointer
 108:Core/Src/stm32f4xx_hal_msp.c ****   * @retval None
 109:Core/Src/stm32f4xx_hal_msp.c ****   */
 110:Core/Src/stm32f4xx_hal_msp.c **** void HAL_TIM_Base_MspDeInit(TIM_HandleTypeDef* htim_base)
 111:Core/Src/stm32f4xx_hal_msp.c **** {
 161              		.loc 1 111 1 is_stmt 1 view -0
 162              		.cfi_startproc
 163              		@ args = 0, pretend = 0, frame = 0
 164              		@ frame_needed = 0, uses_anonymous_args = 0
 165              		@ link register save eliminated.
 112:Core/Src/stm32f4xx_hal_msp.c ****   if(htim_base->Instance==TIM3)
 166              		.loc 1 112 3 view .LVU28
 167              		.loc 1 112 15 is_stmt 0 view .LVU29
 168 0000 0268     		ldr	r2, [r0]
 169              		.loc 1 112 5 view .LVU30
 170 0002 054B     		ldr	r3, .L17
 171 0004 9A42     		cmp	r2, r3
 172 0006 00D0     		beq	.L16
 173              	.L14:
 113:Core/Src/stm32f4xx_hal_msp.c ****   {
 114:Core/Src/stm32f4xx_hal_msp.c ****     /* USER CODE BEGIN TIM3_MspDeInit 0 */
 115:Core/Src/stm32f4xx_hal_msp.c **** 
 116:Core/Src/stm32f4xx_hal_msp.c ****     /* USER CODE END TIM3_MspDeInit 0 */
ARM GAS  C:\Users\pablo\AppData\Local\Temp\cc3MDzQh.s 			page 6


 117:Core/Src/stm32f4xx_hal_msp.c ****     /* Peripheral clock disable */
 118:Core/Src/stm32f4xx_hal_msp.c ****     __HAL_RCC_TIM3_CLK_DISABLE();
 119:Core/Src/stm32f4xx_hal_msp.c ****     /* USER CODE BEGIN TIM3_MspDeInit 1 */
 120:Core/Src/stm32f4xx_hal_msp.c **** 
 121:Core/Src/stm32f4xx_hal_msp.c ****     /* USER CODE END TIM3_MspDeInit 1 */
 122:Core/Src/stm32f4xx_hal_msp.c ****   }
 123:Core/Src/stm32f4xx_hal_msp.c **** 
 124:Core/Src/stm32f4xx_hal_msp.c **** }
 174              		.loc 1 124 1 view .LVU31
 175 0008 7047     		bx	lr
 176              	.L16:
 118:Core/Src/stm32f4xx_hal_msp.c ****     /* USER CODE BEGIN TIM3_MspDeInit 1 */
 177              		.loc 1 118 5 is_stmt 1 view .LVU32
 178 000a 044A     		ldr	r2, .L17+4
 179 000c 136C     		ldr	r3, [r2, #64]
 180 000e 23F00203 		bic	r3, r3, #2
 181 0012 1364     		str	r3, [r2, #64]
 182              		.loc 1 124 1 is_stmt 0 view .LVU33
 183 0014 F8E7     		b	.L14
 184              	.L18:
 185 0016 00BF     		.align	2
 186              	.L17:
 187 0018 00040040 		.word	1073742848
 188 001c 00380240 		.word	1073887232
 189              		.cfi_endproc
 190              	.LFE136:
 192              		.text
 193              	.Letext0:
 194              		.file 2 "C:/Program Files (x86)/Arm GNU Toolchain arm-none-eabi/14.2 rel1/arm-none-eabi/include/ma
 195              		.file 3 "C:/Program Files (x86)/Arm GNU Toolchain arm-none-eabi/14.2 rel1/arm-none-eabi/include/sy
 196              		.file 4 "Drivers/CMSIS/Device/ST/STM32F4xx/Include/stm32f411xe.h"
 197              		.file 5 "Drivers/STM32F4xx_HAL_Driver/Inc/stm32f4xx_hal_def.h"
 198              		.file 6 "Drivers/STM32F4xx_HAL_Driver/Inc/stm32f4xx_hal_dma.h"
 199              		.file 7 "Drivers/STM32F4xx_HAL_Driver/Inc/stm32f4xx_hal_tim.h"
 200              		.file 8 "Drivers/STM32F4xx_HAL_Driver/Inc/stm32f4xx_hal_cortex.h"
ARM GAS  C:\Users\pablo\AppData\Local\Temp\cc3MDzQh.s 			page 7


DEFINED SYMBOLS
                            *ABS*:00000000 stm32f4xx_hal_msp.c
C:\Users\pablo\AppData\Local\Temp\cc3MDzQh.s:21     .text.HAL_MspInit:00000000 $t
C:\Users\pablo\AppData\Local\Temp\cc3MDzQh.s:27     .text.HAL_MspInit:00000000 HAL_MspInit
C:\Users\pablo\AppData\Local\Temp\cc3MDzQh.s:87     .text.HAL_MspInit:0000003c $d
C:\Users\pablo\AppData\Local\Temp\cc3MDzQh.s:92     .text.HAL_TIM_Base_MspInit:00000000 $t
C:\Users\pablo\AppData\Local\Temp\cc3MDzQh.s:98     .text.HAL_TIM_Base_MspInit:00000000 HAL_TIM_Base_MspInit
C:\Users\pablo\AppData\Local\Temp\cc3MDzQh.s:146    .text.HAL_TIM_Base_MspInit:00000028 $d
C:\Users\pablo\AppData\Local\Temp\cc3MDzQh.s:152    .text.HAL_TIM_Base_MspDeInit:00000000 $t
C:\Users\pablo\AppData\Local\Temp\cc3MDzQh.s:158    .text.HAL_TIM_Base_MspDeInit:00000000 HAL_TIM_Base_MspDeInit
C:\Users\pablo\AppData\Local\Temp\cc3MDzQh.s:187    .text.HAL_TIM_Base_MspDeInit:00000018 $d

UNDEFINED SYMBOLS
HAL_NVIC_SetPriorityGrouping
